1/3-  [0;3,N]      N=  3 q=   10 x̃=+0.30000  κ=+0.02783-0.00846i  r3=-0.00088-0.00062i  Ĝ=1.05675
1/3-  [0;3,N]      N=  4 q=   13 x̃=+0.30769  κ=+0.03735-0.00547i  r3=-0.00113-0.00056i  Ĝ=1.08078
1/3-  [0;3,N]      N=  6 q=   19 x̃=+0.31579  κ=+0.04607-0.00173i  r3=-0.00146-0.00062i  Ĝ=1.10423
1/3-  [0;3,N]      N=  8 q=   25 x̃=+0.32000  κ=+0.04977+0.00046i  r3=-0.00162-0.00070i  Ĝ=1.11461
1/3-  [0;3,N]      N= 12 q=   37 x̃=+0.32432  κ=+0.05263+0.00273i  r3=-0.00174-0.00080i  Ĝ=1.12280
1/3-  [0;3,N]      N= 16 q=   49 x̃=+0.32653  κ=+0.05360+0.00377i  r3=-0.00178-0.00085i  Ĝ=1.12562
1/3-  [0;3,N]      N= 24 q=   73 x̃=+0.32877  κ=+0.05421+0.00461i  r3=-0.00181-0.00088i  Ĝ=1.12741
1/3-  [0;3,N]      N= 32 q=   97 x̃=+0.32990  κ=+0.05438+0.00490i  r3=-0.00181-0.00089i  Ĝ=1.12792
1/3-  [0;3,N]      N= 48 q=  145 x̃=+0.33103  κ=+0.05448+0.00508i  r3=-0.00181-0.00089i  Ĝ=1.12822
1/3-  [0;3,N]      N= 64 q=  193 x̃=+0.33161  κ=+0.05451+0.00512i  r3=-0.00181-0.00089i  Ĝ=1.12830
1/3-  [0;3,N]      N= 96 q=  289 x̃=+0.33218  κ=+0.05452+0.00512i  r3=-0.00181-0.00088i  Ĝ=1.12834
1/3-  [0;3,N]      N=128 q=  385 x̃=+0.33247  κ=+0.05453+0.00511i  r3=-0.00181-0.00088i  Ĝ=1.12835
1/3-  [0;3,N]      N=192 q=  577 x̃=+0.33276  κ=+0.05453+0.00509i  r3=-0.00181-0.00088i  Ĝ=1.12836
1/3-  [0;3,N]      N=256 q=  769 x̃=+0.33290  κ=+0.05453+0.00508i  r3=-0.00181-0.00087i  Ĝ=1.12836
1/3-  [0;3,N]      N=384 q= 1153 x̃=+0.33304  κ=+0.05453+0.00506i  r3=-0.00181-0.00087i  Ĝ=1.12837
1/3-  [0;3,N,5]    N=  3 q=   53 x̃=+0.30189  κ=+0.05748-0.01050i  r3=-0.00200-0.00016i  Ĝ=1.13518
1/3-  [0;3,N,5]    N=  4 q=   68 x̃=+0.30882  κ=+0.05823-0.00776i  r3=-0.00205-0.00028i  Ĝ=1.13805
1/3-  [0;3,N,5]    N=  6 q=   98 x̃=+0.31633  κ=+0.05824-0.00440i  r3=-0.00206-0.00045i  Ĝ=1.13871
1/3-  [0;3,N,5]    N=  8 q=  128 x̃=+0.32031  κ=+0.05768-0.00253i  r3=-0.00202-0.00055i  Ĝ=1.13735
1/3-  [0;3,N,5]    N= 12 q=  188 x̃=+0.32447  κ=+0.05653-0.00069i  r3=-0.00194-0.00063i  Ĝ=1.13419
1/3-  [0;3,N,5]    N= 16 q=  248 x̃=+0.32661  κ=+0.05568+0.00012i  r3=-0.00188-0.00066i  Ĝ=1.13180
1/3-  [0;3,N,5]    N= 24 q=  368 x̃=+0.32880  κ=+0.05466+0.00079i  r3=-0.00182-0.00068i  Ĝ=1.12888
1/3-  [0;3,N,5]    N= 32 q=  488 x̃=+0.32992  κ=+0.05408+0.00104i  r3=-0.00179-0.00069i  Ĝ=1.12725
1/3-  [0;3,N,5]    N= 48 q=  728 x̃=+0.33104  κ=+0.05347+0.00124i  r3=-0.00175-0.00069i  Ĝ=1.12551
1/3-  [0;3,N,5]    N= 64 q=  968 x̃=+0.33161  κ=+0.05316+0.00131i  r3=-0.00173-0.00069i  Ĝ=1.12462
1/3-  [0;3,N,5]    N= 96 q= 1448 x̃=+0.33218  κ=+0.05284+0.00137i  r3=-0.00171-0.00069i  Ĝ=1.12371
1/3-  [0;3,N,5]    N=128 q= 1928 x̃=+0.33247  κ=+0.05268+0.00139i  r3=-0.00171-0.00068i  Ĝ=1.12326
1/3+  [0;2,1,N]    N=  3 q=   11 x̃=+0.36364  κ=+0.03315-0.01149i  r3=-0.00084-0.00023i  Ĝ=1.07024
1/3+  [0;2,1,N]    N=  4 q=   14 x̃=+0.35714  κ=+0.04075-0.01413i  r3=-0.00104-0.00005i  Ĝ=1.08911
1/3+  [0;2,1,N]    N=  6 q=   20 x̃=+0.35000  κ=+0.04791-0.01749i  r3=-0.00127+0.00021i  Ĝ=1.10744
1/3+  [0;2,1,N]    N=  8 q=   26 x̃=+0.34615  κ=+0.05100-0.01946i  r3=-0.00138+0.00037i  Ĝ=1.11540
1/3+  [0;2,1,N]    N= 12 q=   38 x̃=+0.34211  κ=+0.05341-0.02148i  r3=-0.00145+0.00052i  Ĝ=1.12151
1/3+  [0;2,1,N]    N= 16 q=   50 x̃=+0.34000  κ=+0.05423-0.02241i  r3=-0.00146+0.00059i  Ĝ=1.12355
1/3+  [0;2,1,N]    N= 24 q=   74 x̃=+0.33784  κ=+0.05476-0.02314i  r3=-0.00147+0.00063i  Ĝ=1.12478
1/3+  [0;2,1,N]    N= 32 q=   98 x̃=+0.33673  κ=+0.05491-0.02340i  r3=-0.00147+0.00065i  Ĝ=1.12511
1/3+  [0;2,1,N]    N= 48 q=  146 x̃=+0.33562  κ=+0.05500-0.02355i  r3=-0.00147+0.00065i  Ĝ=1.12528
1/3+  [0;2,1,N]    N= 64 q=  194 x̃=+0.33505  κ=+0.05502-0.02358i  r3=-0.00147+0.00065i  Ĝ=1.12533
1/3+  [0;2,1,N]    N= 96 q=  290 x̃=+0.33448  κ=+0.05503-0.02358i  r3=-0.00147+0.00064i  Ĝ=1.12535
1/3+  [0;2,1,N]    N=128 q=  386 x̃=+0.33420  κ=+0.05503-0.02356i  r3=-0.00147+0.00064i  Ĝ=1.12536
1/3+  [0;2,1,N]    N=192 q=  578 x̃=+0.33391  κ=+0.05504-0.02354i  r3=-0.00148+0.00064i  Ĝ=1.12536
1/3+  [0;2,1,N]    N=256 q=  770 x̃=+0.33377  κ=+0.05504-0.02353i  r3=-0.00148+0.00064i  Ĝ=1.12537
1/3+  [0;2,1,N]    N=384 q= 1154 x̃=+0.33362  κ=+0.05504-0.02351i  r3=-0.00148+0.00063i  Ĝ=1.12537
1/3+  [0;2,1,N,7]  N=  3 q=   80 x̃=+0.36250  κ=+0.06037-0.00889i  r3=-0.00208+0.00003i  Ĝ=1.14514
1/3+  [0;2,1,N,7]  N=  4 q=  101 x̃=+0.35644  κ=+0.06020-0.01142i  r3=-0.00205+0.00017i  Ĝ=1.14409
1/3+  [0;2,1,N,7]  N=  6 q=  143 x̃=+0.34965  κ=+0.05933-0.01444i  r3=-0.00194+0.00032i  Ĝ=1.14077
1/3+  [0;2,1,N,7]  N=  8 q=  185 x̃=+0.34595  κ=+0.05841-0.01610i  r3=-0.00185+0.00039i  Ĝ=1.13762
1/3+  [0;2,1,N,7]  N= 12 q=  269 x̃=+0.34201  κ=+0.05698-0.01772i  r3=-0.00173+0.00044i  Ĝ=1.13302
1/3+  [0;2,1,N,7]  N= 16 q=  353 x̃=+0.33994  κ=+0.05605-0.01844i  r3=-0.00166+0.00045i  Ĝ=1.13009
1/3+  [0;2,1,N,7]  N= 24 q=  521 x̃=+0.33781  κ=+0.05495-0.01903i  r3=-0.00158+0.00044i  Ĝ=1.12676
1/3+  [0;2,1,N,7]  N= 32 q=  689 x̃=+0.33672  κ=+0.05435-0.01927i  r3=-0.00154+0.00043i  Ĝ=1.12497
1/3+  [0;2,1,N,7]  N= 48 q= 1025 x̃=+0.33561  κ=+0.05372-0.01945i  r3=-0.00150+0.00041i  Ĝ=1.12311
1/3+  [0;2,1,N,7]  N= 64 q= 1361 x̃=+0.33505  κ=+0.05339-0.01952i  r3=-0.00148+0.00040i  Ĝ=1.12216
1/3+  [0;2,1,N,7]  N= 96 q= 2033 x̃=+0.33448  κ=+0.05306-0.01958i  r3=-0.00146+0.00039i  Ĝ=1.12121
1/2-  [0;2,N]      N=  3 q=    7 x̃=+0.42857  κ=+0.00965+0.00378i  r3=-0.00062-0.00018i  Ĝ=1.01678
1/2-  [0;2,N]      N=  4 q=    9 x̃=+0.44444  κ=+0.02382+0.00819i  r3=-0.00065-0.00022i  Ĝ=1.04853
1/2-  [0;2,N]      N=  6 q=   13 x̃=+0.46154  κ=+0.03703+0.01393i  r3=-0.00087-0.00046i  Ĝ=1.08029
1/2-  [0;2,N]      N=  8 q=   17 x̃=+0.47059  κ=+0.04266+0.01733i  r3=-0.00100-0.00066i  Ĝ=1.09429
1/2-  [0;2,N]      N= 12 q=   25 x̃=+0.48000  κ=+0.04696+0.02084i  r3=-0.00109-0.00087i  Ĝ=1.10498
1/2-  [0;2,N]      N= 16 q=   33 x̃=+0.48485  κ=+0.04839+0.02242i  r3=-0.00111-0.00096i  Ĝ=1.10846
1/2-  [0;2,N]      N= 24 q=   49 x̃=+0.48980  κ=+0.04928+0.02363i  r3=-0.00111-0.00101i  Ĝ=1.11051
1/2-  [0;2,N]      N= 32 q=   65 x̃=+0.49231  κ=+0.04952+0.02401i  r3=-0.00111-0.00102i  Ĝ=1.11103
1/2-  [0;2,N]      N= 48 q=   97 x̃=+0.49485  κ=+0.04964+0.02421i  r3=-0.00111-0.00102i  Ĝ=1.11129
1/2-  [0;2,N]      N= 64 q=  129 x̃=+0.49612  κ=+0.04967+0.02422i  r3=-0.00112-0.00101i  Ĝ=1.11136
1/2-  [0;2,N]      N= 96 q=  193 x̃=+0.49741  κ=+0.04969+0.02418i  r3=-0.00112-0.00100i  Ĝ=1.11139
1/2-  [0;2,N]      N=128 q=  257 x̃=+0.49805  κ=+0.04969+0.02413i  r3=-0.00112-0.00099i  Ĝ=1.11140
1/2-  [0;2,N]      N=192 q=  385 x̃=+0.49870  κ=+0.04969+0.02407i  r3=-0.00113-0.00099i  Ĝ=1.11141
1/2-  [0;2,N]      N=256 q=  513 x̃=+0.49903  κ=+0.04969+0.02403i  r3=-0.00113-0.00098i  Ĝ=1.11141
1/2-  [0;2,N]      N=384 q=  769 x̃=+0.49935  κ=+0.04969+0.02399i  r3=-0.00113-0.00098i  Ĝ=1.11142
1/2-  [0;2,N,3]    N=  3 q=   23 x̃=+0.43478  κ=+0.05158+0.00253i  r3=-0.00155-0.00032i  Ĝ=1.12086
1/2-  [0;2,N,3]    N=  4 q=   29 x̃=+0.44828  κ=+0.05361+0.00631i  r3=-0.00163-0.00046i  Ĝ=1.12649
1/2-  [0;2,N,3]    N=  6 q=   41 x̃=+0.46341  κ=+0.05452+0.01100i  r3=-0.00163-0.00066i  Ĝ=1.12860
1/2-  [0;2,N,3]    N=  8 q=   53 x̃=+0.47170  κ=+0.05411+0.01362i  r3=-0.00156-0.00076i  Ĝ=1.12699
1/2-  [0;2,N,3]    N= 12 q=   77 x̃=+0.48052  κ=+0.05275+0.01617i  r3=-0.00144-0.00083i  Ĝ=1.12257
1/2-  [0;2,N,3]    N= 16 q=  101 x̃=+0.48515  κ=+0.05162+0.01726i  r3=-0.00135-0.00083i  Ĝ=1.11911
1/2-  [0;2,N,3]    N= 24 q=  149 x̃=+0.48993  κ=+0.05017+0.01810i  r3=-0.00126-0.00082i  Ĝ=1.11483
1/2-  [0;2,N,3]    N= 32 q=  197 x̃=+0.49239  κ=+0.04933+0.01839i  r3=-0.00121-0.00079i  Ĝ=1.11242
1/2-  [0;2,N,3]    N= 48 q=  293 x̃=+0.49488  κ=+0.04843+0.01856i  r3=-0.00117-0.00076i  Ĝ=1.10988
1/2-  [0;2,N,3]    N= 64 q=  389 x̃=+0.49614  κ=+0.04797+0.01860i  r3=-0.00115-0.00074i  Ĝ=1.10857
1/2-  [0;2,N,3]    N= 96 q=  581 x̃=+0.49742  κ=+0.04749+0.01860i  r3=-0.00112-0.00072i  Ĝ=1.10724
1/2-  [0;2,N,3]    N=128 q=  773 x̃=+0.49806  κ=+0.04725+0.01859i  r3=-0.00112-0.00071i  Ĝ=1.10658
1/2-  [0;2,N,3]    N=192 q= 1157 x̃=+0.49870  κ=+0.04700+0.01858i  r3=-0.00111-0.00070i  Ĝ=1.10591
1/2-  [0;2,N,3]    N=256 q= 1541 x̃=+0.49903  κ=+0.04688+0.01856i  r3=-0.00110-0.00070i  Ĝ=1.10557
0+    [0;N]        N=  3 q=    3 x̃=+0.33333  κ=-0.09108-0.01047i  r3=-0.00756-0.00213i  Ĝ=0.84737
0+    [0;N]        N=  4 q=    4 x̃=+0.25000  κ=-0.04677-0.01973i  r3=-0.00299-0.00263i  Ĝ=0.90966
0+    [0;N]        N=  6 q=    6 x̃=+0.16667  κ=-0.00813-0.03283i  r3=-0.00090-0.00232i  Ĝ=0.97267
0+    [0;N]        N=  8 q=    8 x̃=+0.12500  κ=+0.00722-0.04077i  r3=-0.00048-0.00183i  Ĝ=0.99930
0+    [0;N]        N= 12 q=   12 x̃=+0.08333  κ=+0.01814-0.04871i  r3=-0.00024-0.00124i  Ĝ=1.01773
0+    [0;N]        N= 16 q=   16 x̃=+0.06250  κ=+0.02146-0.05198i  r3=-0.00014-0.00100i  Ĝ=1.02286
0+    [0;N]        N= 24 q=   24 x̃=+0.04167  κ=+0.02327-0.05407i  r3=-0.00009-0.00086i  Ĝ=1.02534
0+    [0;N]        N= 32 q=   32 x̃=+0.03125  κ=+0.02367-0.05448i  r3=-0.00010-0.00084i  Ĝ=1.02583
0+    [0;N]        N= 48 q=   48 x̃=+0.02083  κ=+0.02384-0.05436i  r3=-0.00014-0.00086i  Ĝ=1.02603
0+    [0;N]        N= 64 q=   64 x̃=+0.01562  κ=+0.02385-0.05408i  r3=-0.00018-0.00088i  Ĝ=1.02608
0+    [0;N]        N= 96 q=   96 x̃=+0.01042  κ=+0.02385-0.05365i  r3=-0.00023-0.00091i  Ĝ=1.02615
0+    [0;N]        N=128 q=  128 x̃=+0.00781  κ=+0.02384-0.05337i  r3=-0.00026-0.00092i  Ĝ=1.02619
0+    [0;N]        N=192 q=  192 x̃=+0.00521  κ=+0.02383-0.05305i  r3=-0.00030-0.00094i  Ĝ=1.02625
0+    [0;N]        N=256 q=  256 x̃=+0.00391  κ=+0.02383-0.05288i  r3=-0.00032-0.00095i  Ĝ=1.02628
0+    [0;N]        N=384 q=  384 x̃=+0.00260  κ=+0.02383-0.05270i  r3=-0.00034-0.00096i  Ĝ=1.02632
0+    [0;N,4]      N=  3 q=   13 x̃=+0.30769  κ=+0.03735-0.00547i  r3=-0.00113-0.00056i  Ĝ=1.08078
0+    [0;N,4]      N=  4 q=   17 x̃=+0.23529  κ=+0.04154-0.01503i  r3=-0.00136-0.00047i  Ĝ=1.08864
0+    [0;N,4]      N=  6 q=   25 x̃=+0.16000  κ=+0.04143-0.02657i  r3=-0.00137-0.00024i  Ĝ=1.08302
0+    [0;N,4]      N=  8 q=   33 x̃=+0.12121  κ=+0.03855-0.03257i  r3=-0.00121-0.00017i  Ĝ=1.07261
0+    [0;N,4]      N= 12 q=   49 x̃=+0.08163  κ=+0.03299-0.03773i  r3=-0.00096-0.00026i  Ĝ=1.05644
0+    [0;N,4]      N= 16 q=   65 x̃=+0.06154  κ=+0.02912-0.03954i  r3=-0.00083-0.00041i  Ĝ=1.04648
0+    [0;N,4]      N= 24 q=   97 x̃=+0.04124  κ=+0.02459-0.04051i  r3=-0.00073-0.00063i  Ĝ=1.03569
0+    [0;N,4]      N= 32 q=  129 x̃=+0.03101  κ=+0.02214-0.04061i  r3=-0.00071-0.00078i  Ĝ=1.03015
0+    [0;N,4]      N= 48 q=  193 x̃=+0.02073  κ=+0.01961-0.04041i  r3=-0.00072-0.00093i  Ĝ=1.02459
0+    [0;N,4]      N= 64 q=  257 x̃=+0.01556  κ=+0.01832-0.04020i  r3=-0.00073-0.00101i  Ĝ=1.02184
0+    [0;N,4]      N= 96 q=  385 x̃=+0.01039  κ=+0.01703-0.03990i  r3=-0.00075-0.00110i  Ĝ=1.01911
0+    [0;N,4]      N=128 q=  513 x̃=+0.00780  κ=+0.01639-0.03972i  r3=-0.00076-0.00114i  Ĝ=1.01776
0+    [0;N,4]      N=192 q=  769 x̃=+0.00520  κ=+0.01574-0.03953i  r3=-0.00078-0.00118i  Ĝ=1.01642
0+    [0;N,4]      N=256 q= 1025 x̃=+0.00390  κ=+0.01542-0.03942i  r3=-0.00078-0.00121i  Ĝ=1.01575
0+    [0;N,4]      N=384 q= 1537 x̃=+0.00260  κ=+0.01510-0.03931i  r3=-0.00079-0.00123i  Ĝ=1.01509
2-φ   [0;2,1^k]    N=  3 q=    8 x̃=+0.37500  κ=+0.01828-0.00773i  r3=-0.00063-0.00043i  Ĝ=1.03539
2-φ   [0;2,1^k]    N=  4 q=   13 x̃=+0.38462  κ=+0.03960-0.00432i  r3=-0.00107-0.00027i  Ĝ=1.08771
2-φ   [0;2,1^k]    N=  6 q=   34 x̃=+0.38235  κ=+0.05716-0.00527i  r3=-0.00188-0.00013i  Ĝ=1.13636
2-φ   [0;2,1^k]    N=  8 q=   89 x̃=+0.38202  κ=+0.06216-0.00562i  r3=-0.00220-0.00008i  Ĝ=1.15128
2-φ   [0;2,1^k]    N= 12 q=  610 x̃=+0.38197  κ=+0.06390-0.00576i  r3=-0.00232-0.00006i  Ĝ=1.15658
DONE
