2	1	64	129	0.0496736413136842741499462022043	-0.0242231882234334812139258146285	0s
3	1	64	193	0.0545078762991656763000097460073	-0.00511911379025027473861884542975	0s
3	2	64	194	0.0550179089829124704627106015623	-0.023580798279562930517741510794	0s
4	1	64	257	0.0537194217277605464899338815094	0.00745231481896836847775400051151	1s
4	3	64	259	0.054722995640481293681975425389	-0.0264016352258870751150872971071	1s
5	1	64	321	0.0511177789925774938385348294111	0.0159709497852286293441797410391	1s
5	2	64	322	0.0599133292905517086860674591034	-0.0104629756300374608798875885448	1s
5	3	64	323	0.0603202805269174149420181066513	-0.00454999496958026414982470882275	1s
5	4	64	324	0.0526084126793143815125870835157	-0.0292065995233931398621627947788	1s
2	1	128	257	0.0496917282350029376801521980614	-0.0241307622557696118204966148218	1s
3	1	128	385	0.0545261047455003804060557650234	-0.00511111797751915970223410685673	2s
3	2	128	386	0.0550333787081486856936568133946	-0.0235644971811664250047461622699	2s
4	1	128	513	0.0537342103646409379547664437075	0.00744184645518328641791411510581	3s
4	3	128	515	0.0547366476464796398695908751153	-0.0264001691030261783316760293718	3s
5	1	128	641	0.0511285349233825811490455375263	0.0159568938888321613331359163901	4s
5	2	128	642	0.0599234413249312356105608637999	-0.0104780919618881122085791960036	5s
5	3	128	643	0.0603328268668968803772574905434	-0.00456431154121432861450663803353	4s
5	4	128	644	0.052621469732800046784646935502	-0.0292071987530312568138877261393	5s
2	1	256	513	0.0496932628208948276706589390939	-0.0240308801732442607819257002997	3s
3	1	256	769	0.0545288765585362745968464359853	-0.00507515216765491619701582622922	7s
3	2	256	770	0.0550356174960164093207682747879	-0.0235265725628986954973131522552	7s
4	1	256	1025	0.053736694623795345498671462908	0.00745826621784564520588468913498	12s
4	3	256	1027	0.054739067359716229843689795061	-0.0263808899563664779306303961433	12s
