1/3-  a=16 N= 16 q=787    δ=6.78e-03 κ=+0.05560-0.00032j G=1.13156
1/3-  a=16 N= 24 q=1171   δ=4.55e-03 κ=+0.05441+0.00041j G=1.12818
1/3-  a=16 N= 32 q=1555   δ=3.43e-03 κ=+0.05376+0.00069j G=1.12634
1/3-  a=16 N= 48 q=2323   δ=2.30e-03 κ=+0.05309+0.00092j G=1.12442
1/3-  a=16 N= 64 q=3091   δ=1.73e-03 κ=+0.05274+0.00101j G=1.12345
1/3-  a=16 N= 96 q=4627   δ=1.15e-03 κ=+0.05240+0.00109j G=1.12246
1/3-  a=16 N=128 q=6163   δ=8.65e-04 κ=+0.05222+0.00112j G=1.12196
1/3-  a=16 N=192 q=9235   δ=5.78e-04 κ=+0.05205+0.00114j G=1.12147
1/3-  a=16 N=256 q=12307  δ=4.33e-04 κ=+0.05196+0.00115j G=1.12122
1/3-  a=16 N=384 q=18451  δ=2.89e-04 κ=+0.05187+0.00117j G=1.12097
1/3-  a= 5 N= 16 q=248    δ=6.72e-03 κ=+0.05568+0.00012j G=1.13180
1/3-  a= 5 N= 24 q=368    δ=4.53e-03 κ=+0.05466+0.00079j G=1.12888
1/3-  a= 5 N= 32 q=488    δ=3.42e-03 κ=+0.05408+0.00104j G=1.12725
1/3-  a= 5 N= 48 q=728    δ=2.29e-03 κ=+0.05347+0.00124j G=1.12551
1/3-  a= 5 N= 64 q=968    δ=1.72e-03 κ=+0.05316+0.00131j G=1.12462
1/3-  a= 5 N= 96 q=1448   δ=1.15e-03 κ=+0.05284+0.00137j G=1.12371
1/3-  a= 5 N=128 q=1928   δ=8.64e-04 κ=+0.05268+0.00139j G=1.12326
1/3-  a= 5 N=192 q=2888   δ=5.77e-04 κ=+0.05252+0.00140j G=1.12279
1/3-  a= 5 N=256 q=3848   δ=4.33e-04 κ=+0.05243+0.00141j G=1.12256
1/3-  a= 5 N=384 q=5768   δ=2.89e-04 κ=+0.05235+0.00142j G=1.12233
1/3+  a=16 N= 16 q=803    δ=6.64e-03 κ=+0.05596-0.01821j G=1.12992
1/3+  a=16 N= 24 q=1187   δ=4.49e-03 κ=+0.05479-0.01885j G=1.12636
1/3+  a=16 N= 32 q=1571   δ=3.39e-03 κ=+0.05415-0.01910j G=1.12446
1/3+  a=16 N= 48 q=2339   δ=2.28e-03 κ=+0.05349-0.01930j G=1.12251
1/3+  a=16 N= 64 q=3107   δ=1.72e-03 κ=+0.05315-0.01939j G=1.12152
1/3+  a=16 N= 96 q=4643   δ=1.15e-03 κ=+0.05281-0.01945j G=1.12052
1/3+  a=16 N=128 q=6179   δ=8.63e-04 κ=+0.05263-0.01948j G=1.12002
1/3+  a=16 N=192 q=9251   δ=5.77e-04 κ=+0.05246-0.01950j G=1.11952
1/3+  a=16 N=256 q=12323  δ=4.33e-04 κ=+0.05237-0.01951j G=1.11927
1/3+  a=16 N=384 q=18467  δ=2.89e-04 κ=+0.05228-0.01952j G=1.11902
1/3+  a= 5 N= 16 q=253    δ=6.59e-03 κ=+0.05608-0.01865j G=1.13012
1/3+  a= 5 N= 24 q=373    δ=4.47e-03 κ=+0.05506-0.01923j G=1.12701
1/3+  a= 5 N= 32 q=493    δ=3.38e-03 κ=+0.05449-0.01945j G=1.12532
1/3+  a= 5 N= 48 q=733    δ=2.27e-03 κ=+0.05389-0.01962j G=1.12355
1/3+  a= 5 N= 64 q=973    δ=1.71e-03 κ=+0.05358-0.01969j G=1.12265
1/3+  a= 5 N= 96 q=1453   δ=1.15e-03 κ=+0.05327-0.01974j G=1.12173
1/3+  a= 5 N=128 q=1933   δ=8.62e-04 κ=+0.05311-0.01975j G=1.12127
1/3+  a= 5 N=192 q=2893   δ=5.76e-04 κ=+0.05295-0.01977j G=1.12081
1/3+  a= 5 N=256 q=3853   δ=4.33e-04 κ=+0.05287-0.01977j G=1.12057
1/3+  a= 5 N=384 q=5773   δ=2.89e-04 κ=+0.05278-0.01978j G=1.12034
DONE
