1/2-  a=16 N= 16 q=530    δ=1.51e-02 κ=+0.05150+0.01556j G=1.11923
1/2-  a=16 N= 24 q=786    δ=1.02e-02 κ=+0.04941+0.01653j G=1.11316
1/2-  a=16 N= 32 q=1042   δ=7.68e-03 κ=+0.04829+0.01689j G=1.10996
1/2-  a=16 N= 48 q=1554   δ=5.15e-03 κ=+0.04712+0.01715j G=1.10669
1/2-  a=16 N= 64 q=2066   δ=3.87e-03 κ=+0.04653+0.01724j G=1.10505
1/2-  a=16 N= 96 q=3090   δ=2.59e-03 κ=+0.04593+0.01730j G=1.10339
1/2-  a=16 N=128 q=4114   δ=1.94e-03 κ=+0.04563+0.01732j G=1.10257
1/2-  a=16 N=192 q=6162   δ=1.30e-03 κ=+0.04533+0.01734j G=1.10175
1/2-  a=16 N=256 q=8210   δ=9.74e-04 κ=+0.04518+0.01734j G=1.10133
1/2-  a=16 N=384 q=12306  δ=6.50e-04 κ=+0.04503+0.01735j G=1.10092
1/2-  a= 5 N= 16 q=167    δ=1.50e-02 κ=+0.05167+0.01628j G=1.11952
1/2-  a= 5 N= 24 q=247    δ=1.01e-02 κ=+0.04985+0.01715j G=1.11422
1/2-  a= 5 N= 32 q=327    δ=7.65e-03 κ=+0.04885+0.01746j G=1.11136
1/2-  a= 5 N= 48 q=487    δ=5.13e-03 κ=+0.04780+0.01767j G=1.10839
1/2-  a= 5 N= 64 q=647    δ=3.86e-03 κ=+0.04726+0.01773j G=1.10688
1/2-  a= 5 N= 96 q=967    δ=2.59e-03 κ=+0.04671+0.01777j G=1.10536
1/2-  a= 5 N=128 q=1287   δ=1.94e-03 κ=+0.04643+0.01777j G=1.10460
1/2-  a= 5 N=192 q=1927   δ=1.30e-03 κ=+0.04615+0.01777j G=1.10384
1/2-  a= 5 N=256 q=2567   δ=9.74e-04 κ=+0.04601+0.01777j G=1.10345
1/2-  a= 5 N=384 q=3847   δ=6.50e-04 κ=+0.04587+0.01776j G=1.10307
0+    a=16 N= 16 q=257    δ=6.23e-02 κ=+0.02881-0.03733j G=1.04676
0+    a=16 N= 24 q=385    δ=4.16e-02 κ=+0.02327-0.03852j G=1.03365
0+    a=16 N= 32 q=513    δ=3.12e-02 κ=+0.02037-0.03874j G=1.02712
0+    a=16 N= 48 q=769    δ=2.08e-02 κ=+0.01743-0.03869j G=1.02071
0+    a=16 N= 64 q=1025   δ=1.56e-02 κ=+0.01596-0.03856j G=1.01756
0+    a=16 N= 96 q=1537   δ=1.04e-02 κ=+0.01450-0.03836j G=1.01446
0+    a=16 N=128 q=2049   δ=7.81e-03 κ=+0.01377-0.03823j G=1.01293
0+    a=16 N=192 q=3073   δ=5.21e-03 κ=+0.01304-0.03809j G=1.01142
0+    a=16 N=256 q=4097   δ=3.91e-03 κ=+0.01268-0.03801j G=1.01067
0+    a=16 N=384 q=6145   δ=2.60e-03 κ=+0.01231-0.03792j G=1.00993
0+    a= 5 N= 16 q=81     δ=6.17e-02 κ=+0.02912-0.03882j G=1.04684
0+    a= 5 N= 24 q=121    δ=4.13e-02 κ=+0.02427-0.03982j G=1.03531
0+    a= 5 N= 32 q=161    δ=3.11e-02 κ=+0.02168-0.03994j G=1.02945
0+    a= 5 N= 48 q=241    δ=2.07e-02 κ=+0.01901-0.03977j G=1.02361
0+    a= 5 N= 64 q=321    δ=1.56e-02 κ=+0.01766-0.03957j G=1.02072
0+    a= 5 N= 96 q=481    δ=1.04e-02 κ=+0.01631-0.03930j G=1.01787
0+    a= 5 N=128 q=641    δ=7.80e-03 κ=+0.01564-0.03914j G=1.01645
0+    a= 5 N=192 q=961    δ=5.20e-03 κ=+0.01496-0.03895j G=1.01505
0+    a= 5 N=256 q=1281   δ=3.90e-03 κ=+0.01463-0.03885j G=1.01436
0+    a= 5 N=384 q=1921   δ=2.60e-03 κ=+0.01429-0.03875j G=1.01367
DONE
