1/3+  N= 64 a1=16 p/q=2913/3107   x̃=+0.33505 κ=+0.05315-0.01939j G=1.12152
1/3+  N= 64 a1=64 p/q=12225/12419  x̃=+0.33505 κ=+0.05307-0.01937j G=1.12129
1/3+  N=128 a1=16 p/q=5793/6179   x̃=+0.33420 κ=+0.05263-0.01948j G=1.12002
1/3+  N=256 a1=16 p/q=11553/12323  x̃=+0.33377 κ=+0.05237-0.01951j G=1.11927
1/3-  N= 64 a1=16 p/q=193/3091   x̃=+0.33161 κ=+0.05274+0.00101j G=1.12345
1/3-  N= 64 a1=64 p/q=193/12355  x̃=+0.33161 κ=+0.05267+0.00100j G=1.12322
1/3-  N=128 a1=16 p/q=385/6163   x̃=+0.33247 κ=+0.05222+0.00112j G=1.12196
1/3-  N=256 a1=16 p/q=769/12307  x̃=+0.33290 κ=+0.05196+0.00115j G=1.12122
0+    N= 64 a1=16 p/q=961/1025   x̃=+0.01561 κ=+0.01596-0.03856j G=1.01756
0+    N= 64 a1=64 p/q=4033/4097   x̃=+0.01562 κ=+0.01566-0.03853j G=1.01692
0+    N=128 a1=16 p/q=1921/2049   x̃=+0.00781 κ=+0.01377-0.03823j G=1.01293
0+    N=128 a1=64 p/q=8065/8193   x̃=+0.00781 κ=+0.01344-0.03823j G=1.01226
0+    N=256 a1=16 p/q=3841/4097   x̃=+0.00391 κ=+0.01268-0.03801j G=1.01067
0+    N=256 a1=64 p/q=16129/16385  x̃=+0.00391 κ=+0.01235-0.03802j G=1.00998
1/2-  N= 64 a1=16 p/q=129/2066   x̃=+0.49613 κ=+0.04653+0.01724j G=1.10505
1/2-  N= 64 a1=64 p/q=129/8258   x̃=+0.49612 κ=+0.04640+0.01722j G=1.10468
1/2-  N=128 a1=16 p/q=257/4114   x̃=+0.49806 κ=+0.04563+0.01732j G=1.10257
1/2-  N=128 a1=64 p/q=257/16450  x̃=+0.49805 κ=+0.04549+0.01732j G=1.10219
1/2-  N=256 a1=16 p/q=513/8210   x̃=+0.49903 κ=+0.04518+0.01734j G=1.10133
DONE
