3 40 1601 64080 0.01894502267613780209470210 -0.03837172615874505633450452 1.4622606737889912e-35
3 38 1445 54948 0.01931884435254406476220108 -0.03837544893180482910485360 1.4198500327283366e-35
3 36 1297 46728 0.01973419996706494682858829 -0.03837475048881676446038040 9.712823879727203e-36
3 34 1157 39372 0.02019828955047925491921802 -0.03836801039832836506595073 4.6158316104962446e-36
3 32 1025 32832 0.02072004431095835064013141 -0.03835300198771047078744954 1.4198465014562065e-35
3 30 901 27060 0.02131066729422270229244484 -0.03832662849529982097151362 6.666638734556539e-36
2 160 160 25601 0.01298571215391744637361647 0.03815735409143076273982830 4.1769296438639855e-35
2 152 152 23105 0.01307863617568289927721309 0.03817436033000162331156474 4.080309159623756e-35
3 28 785 22008 0.02198438392167741178930294 -0.03828452310727069631579121 9.93010695510709e-37
2 144 144 20737 0.01318197242872099435799882 0.03819293075916026337106884 1.044072762713514e-35
2 136 136 18497 0.01329757264632538217430353 0.03821328080044281058623184 6.696316240581925e-36
3 26 677 17628 0.02275950014450030362309089 -0.03822042975794962136662354 1.5054673470350936e-37
2 128 128 16385 0.01342775469462976454703862 0.03823566370292196063909076 2.7235911158700644e-35
2 120 120 14401 0.01357545885561491282438254 0.03826037748864612838651056 5.820201134289991e-36
3 24 577 13872 0.02365991857837460031735617 -0.03812522185905703106514611 5.348955996226513e-36
2 112 112 12545 0.01374447138660582348735014 0.03828777229519060898148647 2.5674776780003115e-36
2 104 104 10817 0.01393975167929118297691362 0.03831825684916574222921230 7.947616264485998e-36
3 22 485 10692 0.02471734661643138124586603 -0.03798530633459947946350856 1.0967752633266971e-36
2 96 96 9217 0.01416792356611213722020997 0.03835230090605604112810863 5.1541981168334886e-37
3 20 401 8040 0.02597456262362073859058613 -0.03777995189942790617480952 1.2557123806604954e-36
2 88 88 7745 0.01443803531479244279613863 0.03839042611522315102537553 1.7245354065582523e-36
2 80 80 6401 0.01476277624854064482838816 0.03843316744149805446161901 1.0185322249454071e-36
3 18 325 5868 0.02749030803898751337724078 -0.03747667102068443178285319 8.779826784124724e-37
2 72 72 5185 0.01516050407007132441878788 0.03848096196676218429084943 9.040957281588266e-37
3 16 257 4128 0.02934664835530241039359731 -0.03702295139010320282307846 4.598232089314062e-37
2 64 64 4097 0.01565878773404820237149855 0.03853385655130539297705821 1.5898837458954573e-36
2 56 56 3137 0.01630096400145951532960712 0.03859074516079907611732129 1.4754138785872473e-36
3 14 197 2772 0.03165987585455194413081221 -0.03633087550453322364980410 3.77980999203578e-37
2 48 48 2305 0.01715915448130531299483549 0.03864730081773982774054196 9.35006844866506e-37
3 12 145 1752 0.03459550188727580270464875 -0.03524735236686190349100201 1.0016857303790617e-37
2 40 40 1601 0.01836248427891559489764200 0.03868991627578377821823562 6.07499177214385e-37
2 32 32 1025 0.02016552716129542086543078 0.03867564789662205872422442 5.225678813927191e-37
3 10 101 1020 0.03838320160097623365082236 -0.03349431139557725938586466 4.2171767386699984e-37
2 24 24 577 0.02314016024370183533541343 0.03845232342919100122664706 1.1490223295725157e-38
3 8 65 528 0.04330238905791222280389114 -0.03054565756361154959961882 1.8390881298420608e-37
2 16 16 257 0.02881177754587968834635683 0.03733274433862430855331612 6.07756146275799e-38
3 6 37 228 0.04947354668397241579823114 -0.02538062764788486388230711 8.512802490130286e-38
