N= 32 a1= 2 p/q=97/197    κ=+0.05455+0.00241j G=1.12855
N= 32 a1= 3 p/q=97/294    κ=+0.05435+0.00159j G=1.12800
N= 32 a1= 5 p/q=97/488    κ=+0.05408+0.00104j G=1.12725
N= 32 a1= 9 p/q=97/876    κ=+0.05387+0.00078j G=1.12665
N= 32 a1=16 p/q=97/1555   κ=+0.05376+0.00069j G=1.12634
N= 32 a1=32 p/q=97/3107   κ=+0.05371+0.00067j G=1.12619
N= 32 a1=64 p/q=97/6211   κ=+0.05370+0.00067j G=1.12614
N= 32 a1= ∞(p=3) p/q=3/97     κ=+0.05438-0.00490j G=1.12792
N= 64 a1= 2 p/q=193/389    κ=+0.05397+0.00261j G=1.12688
N= 64 a1= 3 p/q=193/582    κ=+0.05356+0.00182j G=1.12575
N= 64 a1= 5 p/q=193/968    κ=+0.05316+0.00131j G=1.12462
N= 64 a1= 9 p/q=193/1740   κ=+0.05288+0.00108j G=1.12383
N= 64 a1=16 p/q=193/3091   κ=+0.05274+0.00101j G=1.12345
N= 64 a1=32 p/q=193/6179   κ=+0.05268+0.00100j G=1.12327
N= 64 a1=64 p/q=193/12355  κ=+0.05267+0.00100j G=1.12322
N= 64 a1= ∞(p=3) p/q=3/193    κ=+0.05451-0.00512j G=1.12830
N=128 a1= 2 p/q=385/773    κ=+0.05364+0.00264j G=1.12596
N=128 a1= 3 p/q=385/1158   κ=+0.05314+0.00188j G=1.12456
N=128 a1= 5 p/q=385/1928   κ=+0.05268+0.00139j G=1.12326
N=128 a1= 9 p/q=385/3468   κ=+0.05237+0.00117j G=1.12238
N=128 a1=16 p/q=385/6163   κ=+0.05222+0.00112j G=1.12196
N=128 a1=32 p/q=385/12323  κ=+0.05216+0.00111j G=1.12178
