1/6  a=16 N= 24 q=2326   δ=-1.15e-03 κ=+0.04824-0.02346j G=1.10200
1/6  a=16 N= 32 q=3094   δ=-8.62e-04 κ=+0.04802-0.02335j G=1.10145
1/6  a=16 N= 48 q=4630   δ=-5.76e-04 κ=+0.04779-0.02326j G=1.10087
1/6  a=16 N= 64 q=6166   δ=-4.32e-04 κ=+0.04767-0.02323j G=1.10057
1/6  a=16 N= 96 q=9238   δ=-2.89e-04 κ=+0.04755-0.02320j G=1.10026
1/6  a=16 N=128 q=12310  δ=-2.17e-04 κ=+0.04749-0.02319j G=1.10011
1/7  a=16 N= 24 q=2711   δ=-8.43e-04 κ=+0.04529-0.02720j G=1.09224
1/7  a=16 N= 32 q=3607   δ=-6.34e-04 κ=+0.04512-0.02713j G=1.09183
1/7  a=16 N= 48 q=5399   δ=-4.23e-04 κ=+0.04494-0.02707j G=1.09138
1/7  a=16 N= 64 q=7191   δ=-3.18e-04 κ=+0.04485-0.02705j G=1.09116
1/7  a=16 N= 96 q=10775  δ=-2.12e-04 κ=+0.04476-0.02704j G=1.09092
1/7  a=16 N=128 q=14359  δ=-1.59e-04 κ=+0.04471-0.02703j G=1.09081
3/7  a=16 N= 24 q=2727   δ=+8.38e-04 κ=+0.06075-0.00121j G=1.14785
3/7  a=16 N= 32 q=3623   δ=+6.31e-04 κ=+0.06054-0.00132j G=1.14721
3/7  a=16 N= 48 q=5415   δ=+4.22e-04 κ=+0.06032-0.00141j G=1.14654
3/7  a=16 N= 64 q=7207   δ=+3.17e-04 κ=+0.06021-0.00145j G=1.14619
3/7  a=16 N= 96 q=10791  δ=+2.12e-04 κ=+0.06009-0.00148j G=1.14585
3/7  a=16 N=128 q=14375  δ=+1.59e-04 κ=+0.06004-0.00150j G=1.14567
FIT 1/6− a=16: G_tip=1.09968 slope=2.038 n=6 δ∈[2.2e-04,1.1e-03]
FIT 1/7− a=16: G_tip=1.09048 slope=2.107 n=6 δ∈[1.6e-04,8.4e-04]
FIT 3/7+ a=16: G_tip=1.14517 slope=3.211 n=6 δ∈[1.6e-04,8.4e-04]
DONE
