2/5  a= 2 N= 24 q=249    δ=+1.61e-03 κ=+0.06013-0.00887j G=1.14507
2/5  a= 2 N= 32 q=329    δ=+1.22e-03 κ=+0.05996-0.00901j G=1.14454
2/5  a= 2 N= 48 q=489    δ=+8.18e-04 κ=+0.05977-0.00911j G=1.14395
2/5  a= 2 N= 64 q=649    δ=+6.16e-04 κ=+0.05967-0.00914j G=1.14363
2/5  a= 2 N= 96 q=969    δ=+4.13e-04 κ=+0.05956-0.00916j G=1.14330
2/5  a= 2 N=128 q=1289   δ=+3.10e-04 κ=+0.05950-0.00917j G=1.14313
2/5  a= 2 N=192 q=1929   δ=+2.07e-04 κ=+0.05944-0.00917j G=1.14295
2/5  a= 2 N=256 q=2569   δ=+1.56e-04 κ=+0.05942-0.00918j G=1.14287
2/5  a= 3 N= 24 q=371    δ=+1.62e-03 κ=+0.06011-0.00843j G=1.14508
2/5  a= 3 N= 32 q=491    δ=+1.22e-03 κ=+0.05987-0.00857j G=1.14433
2/5  a= 3 N= 48 q=731    δ=+8.21e-04 κ=+0.05960-0.00868j G=1.14353
2/5  a= 3 N= 64 q=971    δ=+6.18e-04 κ=+0.05947-0.00872j G=1.14310
2/5  a= 3 N= 96 q=1451   δ=+4.14e-04 κ=+0.05932-0.00875j G=1.14267
2/5  a= 3 N=128 q=1931   δ=+3.11e-04 κ=+0.05925-0.00876j G=1.14245
2/5  a= 3 N=192 q=2891   δ=+2.08e-04 κ=+0.05918-0.00877j G=1.14223
2/5  a= 3 N=256 q=3851   δ=+1.56e-04 κ=+0.05914-0.00877j G=1.14212
2/5  a= 5 N= 24 q=615    δ=+1.63e-03 κ=+0.06003-0.00813j G=1.14489
2/5  a= 5 N= 32 q=815    δ=+1.23e-03 κ=+0.05974-0.00828j G=1.14399
2/5  a= 5 N= 48 q=1215   δ=+8.23e-04 κ=+0.05942-0.00840j G=1.14303
2/5  a= 5 N= 64 q=1615   δ=+6.19e-04 κ=+0.05926-0.00844j G=1.14255
2/5  a= 5 N= 96 q=2415   δ=+4.14e-04 κ=+0.05910-0.00848j G=1.14205
2/5  a= 5 N=128 q=3215   δ=+3.11e-04 κ=+0.05902-0.00850j G=1.14180
2/5  a= 5 N=192 q=4815   δ=+2.08e-04 κ=+0.05893-0.00851j G=1.14155
2/5  a= 5 N=256 q=6415   δ=+1.56e-04 κ=+0.05889-0.00852j G=1.14142
2/5  a=16 N= 24 q=1957   δ=+1.64e-03 κ=+0.05990-0.00792j G=1.14454
2/5  a=16 N= 32 q=2597   δ=+1.23e-03 κ=+0.05957-0.00808j G=1.14353
2/5  a=16 N= 48 q=3877   δ=+8.25e-04 κ=+0.05923-0.00822j G=1.14247
2/5  a=16 N= 64 q=5157   δ=+6.21e-04 κ=+0.05905-0.00828j G=1.14194
2/5  a=16 N= 96 q=7717   δ=+4.15e-04 κ=+0.05887-0.00833j G=1.14139
2/5  a=16 N=128 q=10277  δ=+3.11e-04 κ=+0.05878-0.00835j G=1.14112
2/5  a=16 N=192 q=15397  δ=+2.08e-04 κ=+0.05869-0.00837j G=1.14085
2/5  a=64 N= 24 q=7813   δ=+1.64e-03 κ=+0.05987-0.00790j G=1.14445
2/5  a=64 N= 32 q=10373  δ=+1.23e-03 κ=+0.05954-0.00807j G=1.14342
2/5  a=64 N= 48 q=15493  δ=+8.26e-04 κ=+0.05919-0.00821j G=1.14236
2/5+ a= 2 N= 24 q=251    δ=-1.59e-03 κ=+0.06046+0.00293j G=1.14687
2/5+ a= 2 N= 32 q=331    δ=-1.21e-03 κ=+0.06030+0.00307j G=1.14638
2/5+ a= 2 N= 48 q=491    δ=-8.15e-04 κ=+0.06011+0.00318j G=1.14582
2/5+ a= 2 N= 64 q=651    δ=-6.14e-04 κ=+0.06001+0.00322j G=1.14551
2/5+ a= 2 N= 96 q=971    δ=-4.12e-04 κ=+0.05990+0.00324j G=1.14519
2/5+ a= 2 N=128 q=1291   δ=-3.10e-04 κ=+0.05984+0.00325j G=1.14502
2/5+ a= 2 N=192 q=1931   δ=-2.07e-04 κ=+0.05979+0.00326j G=1.14485
2/5+ a= 2 N=256 q=2571   δ=-1.56e-04 κ=+0.05976+0.00326j G=1.14477
2/5+ a= 3 N= 24 q=374    δ=-1.60e-03 κ=+0.06041+0.00249j G=1.14674
2/5+ a= 3 N= 32 q=494    δ=-1.21e-03 κ=+0.06018+0.00264j G=1.14604
2/5+ a= 3 N= 48 q=734    δ=-8.17e-04 κ=+0.05992+0.00275j G=1.14526
2/5+ a= 3 N= 64 q=974    δ=-6.16e-04 κ=+0.05978+0.00280j G=1.14486
2/5+ a= 3 N= 96 q=1454   δ=-4.13e-04 κ=+0.05964+0.00284j G=1.14443
2/5+ a= 3 N=128 q=1934   δ=-3.10e-04 κ=+0.05957+0.00285j G=1.14422
2/5+ a= 3 N=192 q=2894   δ=-2.07e-04 κ=+0.05950+0.00286j G=1.14400
2/5+ a= 3 N=256 q=3854   δ=-1.56e-04 κ=+0.05946+0.00287j G=1.14389
2/5+ a= 5 N= 24 q=620    δ=-1.61e-03 κ=+0.06031+0.00219j G=1.14644
2/5+ a= 5 N= 32 q=820    δ=-1.22e-03 κ=+0.06002+0.00234j G=1.14559
2/5+ a= 5 N= 48 q=1220   δ=-8.20e-04 κ=+0.05972+0.00247j G=1.14468
2/5+ a= 5 N= 64 q=1620   δ=-6.17e-04 κ=+0.05956+0.00253j G=1.14420
2/5+ a= 5 N= 96 q=2420   δ=-4.13e-04 κ=+0.05940+0.00257j G=1.14372
2/5+ a= 5 N=128 q=3220   δ=-3.11e-04 κ=+0.05932+0.00259j G=1.14347
2/5+ a= 5 N=192 q=4820   δ=-2.07e-04 κ=+0.05924+0.00261j G=1.14322
2/5+ a= 5 N=256 q=6420   δ=-1.56e-04 κ=+0.05919+0.00262j G=1.14310
2/5+ a=16 N= 24 q=1973   δ=-1.62e-03 κ=+0.06017+0.00198j G=1.14602
2/5+ a=16 N= 32 q=2613   δ=-1.22e-03 κ=+0.05985+0.00216j G=1.14506
2/5+ a=16 N= 48 q=3893   δ=-8.22e-04 κ=+0.05951+0.00231j G=1.14405
2/5+ a=16 N= 64 q=5173   δ=-6.19e-04 κ=+0.05934+0.00237j G=1.14353
2/5+ a=16 N= 96 q=7733   δ=-4.14e-04 κ=+0.05916+0.00243j G=1.14300
2/5+ a=16 N=128 q=10293  δ=-3.11e-04 κ=+0.05907+0.00245j G=1.14274
2/5+ a=16 N=192 q=15413  δ=-2.08e-04 κ=+0.05898+0.00247j G=1.14247
2/5+ a=64 N= 24 q=7877   δ=-1.62e-03 κ=+0.06014+0.00197j G=1.14592
2/5+ a=64 N= 32 q=10437  δ=-1.23e-03 κ=+0.05981+0.00214j G=1.14495
2/5+ a=64 N= 48 q=15557  δ=-8.23e-04 κ=+0.05947+0.00230j G=1.14393
2/7  a= 2 N= 24 q=349    δ=+8.19e-04 κ=+0.05893-0.01647j G=1.13769
2/7  a= 2 N= 32 q=461    δ=+6.20e-04 κ=+0.05883-0.01656j G=1.13737
2/7  a= 2 N= 48 q=685    δ=+4.17e-04 κ=+0.05871-0.01662j G=1.13700
2/7  a= 2 N= 64 q=909    δ=+3.14e-04 κ=+0.05864-0.01665j G=1.13680
2/7  a= 2 N= 96 q=1357   δ=+2.11e-04 κ=+0.05857-0.01666j G=1.13660
2/7  a= 2 N=128 q=1805   δ=+1.58e-04 κ=+0.05854-0.01667j G=1.13650
2/7  a= 2 N=192 q=2701   δ=+1.06e-04 κ=+0.05851-0.01667j G=1.13639
2/7  a= 2 N=256 q=3597   δ=+7.94e-05 κ=+0.05849-0.01667j G=1.13634
2/7  a= 3 N= 24 q=520    δ=+8.24e-04 κ=+0.05892-0.01619j G=1.13773
2/7  a= 3 N= 32 q=688    δ=+6.23e-04 κ=+0.05877-0.01628j G=1.13727
2/7  a= 3 N= 48 q=1024   δ=+4.19e-04 κ=+0.05860-0.01635j G=1.13678
2/7  a= 3 N= 64 q=1360   δ=+3.15e-04 κ=+0.05852-0.01638j G=1.13652
2/7  a= 3 N= 96 q=2032   δ=+2.11e-04 κ=+0.05843-0.01640j G=1.13626
2/7  a= 3 N=128 q=2704   δ=+1.58e-04 κ=+0.05839-0.01641j G=1.13612
2/7  a= 3 N=192 q=4048   δ=+1.06e-04 κ=+0.05834-0.01642j G=1.13599
2/7  a= 3 N=256 q=5392   δ=+7.95e-05 κ=+0.05832-0.01642j G=1.13592
2/7  a= 5 N= 24 q=862    δ=+8.29e-04 κ=+0.05887-0.01600j G=1.13764
2/7  a= 5 N= 32 q=1142   δ=+6.25e-04 κ=+0.05868-0.01609j G=1.13708
2/7  a= 5 N= 48 q=1702   δ=+4.20e-04 κ=+0.05849-0.01617j G=1.13650
2/7  a= 5 N= 64 q=2262   δ=+3.16e-04 κ=+0.05839-0.01620j G=1.13620
2/7  a= 5 N= 96 q=3382   δ=+2.11e-04 κ=+0.05829-0.01623j G=1.13590
2/7  a= 5 N=128 q=4502   δ=+1.59e-04 κ=+0.05824-0.01624j G=1.13574
2/7  a= 5 N=192 q=6742   δ=+1.06e-04 κ=+0.05819-0.01625j G=1.13559
2/7  a= 5 N=256 q=8982   δ=+7.95e-05 κ=+0.05816-0.01626j G=1.13551
2/7  a=16 N= 24 q=2743   δ=+8.33e-04 κ=+0.05879-0.01587j G=1.13744
2/7  a=16 N= 32 q=3639   δ=+6.28e-04 κ=+0.05858-0.01597j G=1.13682
2/7  a=16 N= 48 q=5431   δ=+4.21e-04 κ=+0.05837-0.01606j G=1.13617
2/7  a=16 N= 64 q=7223   δ=+3.16e-04 κ=+0.05826-0.01610j G=1.13584
2/7  a=16 N= 96 q=10807  δ=+2.12e-04 κ=+0.05815-0.01613j G=1.13551
2/7  a=16 N=128 q=14391  δ=+1.59e-04 κ=+0.05809-0.01614j G=1.13534
2/7  a=64 N= 24 q=10951  δ=+8.35e-04 κ=+0.05877-0.01586j G=1.13739
2/7  a=64 N= 32 q=14535  δ=+6.29e-04 κ=+0.05856-0.01596j G=1.13675
FIT 2/5+ a= 2: G_tip=1.14266 slope=1.531 n=8 δ∈[1.6e-04,1.6e-03]
FIT 2/5+ a= 3: G_tip=1.14183 slope=2.034 n=8 δ∈[1.6e-04,1.6e-03]
FIT 2/5+ a= 5: G_tip=1.14106 slope=2.369 n=8 δ∈[1.6e-04,1.6e-03]
FIT 2/5+ a=16: G_tip=1.14032 slope=2.594 n=7 δ∈[2.1e-04,1.6e-03]
FIT 2/5+ a=64: G_tip=1.14023 slope=2.580 n=3 δ∈[8.3e-04,1.6e-03]
FIT 2/5+− a= 2: G_tip=1.14457 slope=1.474 n=8 δ∈[1.6e-04,1.6e-03]
FIT 2/5+− a= 3: G_tip=1.14361 slope=1.976 n=8 δ∈[1.6e-04,1.6e-03]
FIT 2/5+− a= 5: G_tip=1.14276 slope=2.304 n=8 δ∈[1.6e-04,1.6e-03]
FIT 2/5+− a=16: G_tip=1.14196 slope=2.517 n=7 δ∈[2.1e-04,1.6e-03]
FIT 2/5+− a=64: G_tip=1.14189 slope=2.484 n=3 δ∈[8.2e-04,1.6e-03]
FIT 2/7+ a= 2: G_tip=1.13621 slope=1.842 n=8 δ∈[7.9e-05,8.2e-04]
FIT 2/7+ a= 3: G_tip=1.13574 slope=2.442 n=8 δ∈[7.9e-05,8.2e-04]
FIT 2/7+ a= 5: G_tip=1.13530 slope=2.844 n=8 δ∈[8.0e-05,8.3e-04]
FIT 2/7+ a=16: G_tip=1.13485 slope=3.116 n=6 δ∈[1.6e-04,8.3e-04]
DONE
